/bin/zsh: can't open input file: /Users/niklasfink/Documents/CC Projekte/Regulatory Radar/scraper/run_hourly.sh
=== Lauf gestartet: 2026-08-26 15:51:04 ===
/Applications/Xcode.app/Contents/Developer/usr/bin/python3: No module named regradar
=== Lauf gestartet: 2026-08-26 15:51:41 ===
/Applications/Xcode.app/Contents/Developer/usr/bin/python3: No module named regradar
/Users/niklasfink/.local/bin/regradar_hourly.sh:14: unmatched "
DEBUG: scraper-Verzeichnis NICHT lesbar (macOS-Datenschutz/TCC)
=== Lauf gestartet: 2026-08-26 15:52:50 ===
/Applications/Xcode.app/Contents/Developer/usr/bin/python3: No module named regradar
DEBUG: scraper-Verzeichnis NICHT lesbar (macOS-Datenschutz/TCC)
=== Lauf gestartet: 2026-08-26 16:52:51 ===
/Applications/Xcode.app/Contents/Developer/usr/bin/python3: No module named regradar
DEBUG: scraper-Verzeichnis NICHT lesbar (macOS-Datenschutz/TCC)
=== Lauf gestartet: 2026-08-26 20:49:42 ===
/Applications/Xcode.app/Contents/Developer/usr/bin/python3: No module named regradar
DEBUG: scraper-Verzeichnis NICHT lesbar (macOS-Datenschutz/TCC)
=== Lauf gestartet: 2026-08-26 22:40:40 ===
/Applications/Xcode.app/Contents/Developer/usr/bin/python3: No module named regradar
DEBUG: scraper-Verzeichnis NICHT lesbar (macOS-Datenschutz/TCC)
=== Lauf gestartet: 2026-08-27 00:19:00 ===
/Applications/Xcode.app/Contents/Developer/usr/bin/python3: No module named regradar
DEBUG: scraper-Verzeichnis NICHT lesbar (macOS-Datenschutz/TCC)
=== Lauf gestartet: 2026-08-27 03:45:11 ===
/Applications/Xcode.app/Contents/Developer/usr/bin/python3: No module named regradar
DEBUG: scraper-Verzeichnis NICHT lesbar (macOS-Datenschutz/TCC)
=== Lauf gestartet: 2026-08-27 05:46:12 ===
/Applications/Xcode.app/Contents/Developer/usr/bin/python3: No module named regradar
DEBUG: scraper-Verzeichnis NICHT lesbar (macOS-Datenschutz/TCC)
=== Lauf gestartet: 2026-08-27 06:46:12 ===
/Applications/Xcode.app/Contents/Developer/usr/bin/python3: No module named regradar
DEBUG: scraper-Verzeichnis NICHT lesbar (macOS-Datenschutz/TCC)
=== Lauf gestartet: 2026-08-27 08:06:24 ===
/Applications/Xcode.app/Contents/Developer/usr/bin/python3: No module named regradar
DEBUG: scraper-Verzeichnis NICHT lesbar (macOS-Datenschutz/TCC)
=== Lauf gestartet: 2026-08-27 09:17:52 ===
/Applications/Xcode.app/Contents/Developer/usr/bin/python3: No module named regradar
DEBUG: scraper-Verzeichnis NICHT lesbar (macOS-Datenschutz/TCC)
=== Lauf gestartet: 2026-08-27 10:17:52 ===
/Applications/Xcode.app/Contents/Developer/usr/bin/python3: No module named regradar
DEBUG: scraper-Verzeichnis NICHT lesbar (macOS-Datenschutz/TCC)
=== Lauf gestartet: 2026-08-27 11:17:52 ===
/Applications/Xcode.app/Contents/Developer/usr/bin/python3: No module named regradar
DEBUG: scraper-Verzeichnis NICHT lesbar (macOS-Datenschutz/TCC)
=== Lauf gestartet: 2026-08-27 12:17:52 ===
/Applications/Xcode.app/Contents/Developer/usr/bin/python3: No module named regradar
DEBUG: scraper-Verzeichnis NICHT lesbar (macOS-Datenschutz/TCC)
=== Lauf gestartet: 2026-08-27 13:17:52 ===
/Applications/Xcode.app/Contents/Developer/usr/bin/python3: No module named regradar
DEBUG: scraper-Verzeichnis NICHT lesbar (macOS-Datenschutz/TCC)
=== Lauf gestartet: 2026-08-27 15:56:52 ===
/Applications/Xcode.app/Contents/Developer/usr/bin/python3: No module named regradar
DEBUG: scraper-Verzeichnis NICHT lesbar (macOS-Datenschutz/TCC)
=== Lauf gestartet: 2026-08-27 17:20:24 ===
/Applications/Xcode.app/Contents/Developer/usr/bin/python3: No module named regradar
DEBUG: scraper-Verzeichnis NICHT lesbar (macOS-Datenschutz/TCC)
=== Lauf gestartet: 2026-08-27 18:21:12 ===
/Applications/Xcode.app/Contents/Developer/usr/bin/python3: No module named regradar
